    Finished `dev` profile [unoptimized + debuginfo] target(s) in 5.57s
